

================================================================
== Synthesis Summary Report of 'fir'
================================================================
+ General Information: 
    * Date:           Sun Sep 24 19:47:17 2023
    * Version:        2023.1 (Build 3854077 on May  4 2023)
    * Project:        baseline
    * Solution:       solution1 (Vivado IP Flow Target)
    * Product family: zynquplus
    * Target device:  xck26-sfvc784-2LV-c
    

+ Performance & Resource Estimates: 
    
    PS: '+' for module; 'o' for loop; '*' for dataflow
    +---------------------+------+------+---------+-----------+----------+---------+------+----------+---------+----+----------+-----------+-----+
    |       Modules       | Issue|      | Latency |  Latency  | Iteration|         | Trip |          |         |    |          |           |     |
    |       & Loops       | Type | Slack| (cycles)|    (ns)   |  Latency | Interval| Count| Pipelined|  BRAM   | DSP|    FF    |    LUT    | URAM|
    +---------------------+------+------+---------+-----------+----------+---------+------+----------+---------+----+----------+-----------+-----+
    |+ fir                |     -|  2.67|      257|  2.570e+03|         -|      258|     -|        no|  1 (~0%)|   -|  75 (~0%)|  229 (~0%)|    -|
    | o Shift_Accum_Loop  |     -|  7.30|      256|  2.560e+03|         2|        -|   128|        no|        -|   -|         -|          -|    -|
    +---------------------+------+------+---------+-----------+----------+---------+------+----------+---------+----+----------+-----------+-----+


================================================================
== HW Interfaces
================================================================
* Other Ports
+------+---------+-----------+----------+
| Port | Mode    | Direction | Bitwidth |
+------+---------+-----------+----------+
| x    | ap_none | in        | 32       |
| y    | ap_vld  | out       | 32       |
+------+---------+-----------+----------+

* TOP LEVEL CONTROL
+-----------+------------+-----------------------------------+
| Interface | Type       | Ports                             |
+-----------+------------+-----------------------------------+
| ap_clk    | clock      | ap_clk                            |
| ap_rst    | reset      | ap_rst                            |
| ap_ctrl   | ap_ctrl_hs | ap_done ap_idle ap_ready ap_start |
+-----------+------------+-----------------------------------+


================================================================
== SW I/O Information
================================================================
* Top Function Arguments
+----------+-----------+----------+
| Argument | Direction | Datatype |
+----------+-----------+----------+
| y        | out       | int*     |
| x        | in        | int      |
+----------+-----------+----------+

* SW-to-HW Mapping
+----------+--------------+---------+
| Argument | HW Interface | HW Type |
+----------+--------------+---------+
| y        | y            | port    |
| y        | y_ap_vld     | port    |
| x        | x            | port    |
+----------+--------------+---------+


================================================================
== Bind Op Report
================================================================
+-----------------------+-----+--------+----------+-----+--------+---------+
| Name                  | DSP | Pragma | Variable | Op  | Impl   | Latency |
+-----------------------+-----+--------+----------+-----+--------+---------+
| + fir                 | 0   |        |          |     |        |         |
|   mul_i_fu_161_p2     | -   |        | mul_i    | add | fabric | 0       |
|   add_ln42_fu_203_p2  | -   |        | add_ln42 | add | fabric | 0       |
|   mul_8s_5s_12_1_1_U1 | -   |        | mul_ln43 | mul | auto   | 0       |
|   acc_1_fu_238_p2     | -   |        | acc_1    | add | fabric | 0       |
|   add_ln37_fu_244_p2  | -   |        | add_ln37 | add | fabric | 0       |
+-----------------------+-----+--------+----------+-----+--------+---------+


================================================================
== Bind Storage Report
================================================================
+---------------+------+------+--------+-----------+---------+------+---------+
| Name          | BRAM | URAM | Pragma | Variable  | Storage | Impl | Latency |
+---------------+------+------+--------+-----------+---------+------+---------+
| + fir         | 1    | 0    |        |           |         |      |         |
|   shift_reg_U | 1    | -    |        | shift_reg | ram_1p  | auto | 1       |
|   c_U         | -    | -    |        | c         | rom_1p  | auto | 1       |
+---------------+------+------+--------+-----------+---------+------+---------+


================================================================
== Pragma Report
================================================================
* Valid Pragma Syntax
+----------+---------+-------------------+
| Type     | Options | Location          |
+----------+---------+-------------------+
| pipeline | off     | fir.cpp:26 in fir |
+----------+---------+-------------------+


